// Jest Snapshot v1, https://goo.gl/fbAQLP

exports[`Configuration Page Should render the configuration page 1`] = `
<div>
  <div
    class="css-1ne9sec"
  >
    <div
      class="css-1ofqig9"
    >
      <p
        class="chakra-text css-vtxltj"
      >
        Vamos come√ßar!
      </p>
      <form>
        <div
          class="css-2ygrde"
        >
          <input
            class="chakra-input css-1jda5v6"
            id="add-participant-input"
            placeholder="Insira os nomes dos participantes"
            value=""
          />
          <button
            class="chakra-button css-13fehna"
            disabled=""
            id="add-participant-button"
            type="submit"
          >
            Adicionar
          </button>
        </div>
      </form>
      <ul
        class="css-hw3umf"
        id="participants-list"
        role="list"
      />
      <div
        class="css-neqxv"
      >
        <button
          class="chakra-button css-1uyux1n"
          disabled=""
          id="start-button"
          type="button"
        >
          Iniciar brincadeira!
        </button>
        <img
          alt="Bags"
          class="chakra-image css-0"
          src="bags.png"
        />
      </div>
    </div>
  </div>
</div>
`;
